---------------------
Begin Register Values
---------------------
$at = 0x00000000

$v0 = 0x00000000
$v1 = 0x00000000

$a0 = 0x00000000
$a1 = 0x00000000
$a2 = 0x00000000
$a3 = 0x00000000

$t0 = 0xffffffd4
$t1 = 0xffffff68
$t2 = 0xffffffd3
$t3 = 0x000000c5
$t4 = 0xffffffd4
$t5 = 0x00000075
$t6 = 0xffffff87
$t7 = 0x0000004c
$t8 = 0x00000000
$t9 = 0x00000000

$s0 = 0xffffffb2
$s1 = 0x00000076
$s2 = 0x0000004a
$s3 = 0xffffff85
$s4 = 0xffffff37
$s5 = 0xffffffcf
$s6 = 0x000000c0
$s7 = 0x000000c0

$k0 = 0x00000000
$k1 = 0x00000000

$gp = 0x00000000
$sp = 0x00000000
$fp = 0x00000000
$ra = 0x00000000
---------------------
End Register Values
---------------------
