---------------------
Begin Memory State
---------------------
0x00000000: 0x2010fff6 0x20110003 0x2012000f 0x2013fff9 0x0211a02a 
0x00000014: 0x0230a82a 0x0270b02a 0x0230b82b 0x0251402b 0x2a29fff7 
0x00000028: 0x2a2a0032 0x2a6bfff6 0x2a6c0003 0x2e2dfffe 0x2e2e0001 
0x0000003c: 0x2e2f0005 0xfeedfeed 0x00000000 0x00000000 0x00000000 
0x00000050: 0x00000000 0x00000000 0x00000000 0x00000000 0x00000000 
0x00000064: 0x00000000 0x00000000 0x00000000 0x00000000 0x00000000 
0x00000078: 0x00000000 0x00000000 0x00000000 0x00000000 0x00000000 
0x0000008c: 0x00000000 0x00000000 0x00000000 0x00000000 0x00000000 
0x000000a0: 0x00000000 0x00000000 0x00000000 0x00000000 0x00000000 
0x000000b4: 0x00000000 0x00000000 0x00000000 0x00000000 0x00000000 
0x000000c8: 0x00000000 0x00000000 0x00000000 0x00000000 0x00000000 
0x000000dc: 0x00000000 0x00000000 0x00000000 0x00000000 0x00000000 
0x000000f0: 0x00000000 0x00000000 0x00000000 0x00000000 0x00000000 
0x00000104: 0x00000000 0x00000000 0x00000000 0x00000000 0x00000000 
0x00000118: 0x00000000 0x00000000 0x00000000 0x00000000 0x00000000 
0x0000012c: 0x00000000 0x00000000 0x00000000 0x00000000 0x00000000 
0x00000140: 0x00000000 0x00000000 0x00000000 0x00000000 0x00000000 
0x00000154: 0x00000000 0x00000000 0x00000000 0x00000000 0x00000000 
0x00000168: 0x00000000 0x00000000 0x00000000 0x00000000 0x00000000 
0x0000017c: 0x00000000 0x00000000 0x00000000 0x00000000 0x00000000 
0x00000190: 0x00000000 0x00000000 0x00000000 0x00000000 0x00000000 
0x000001a4: 0x00000000 0x00000000 0x00000000 0x00000000 0x00000000 
0x000001b8: 0x00000000 0x00000000 0x00000000 0x00000000 0x00000000 
0x000001cc: 0x00000000 0x00000000 0x00000000 0x00000000 0x00000000 
0x000001e0: 0x00000000 0x00000000 0x00000000 0x00000000 0x00000000 
---------------------
End Memory State
---------------------
