---------------------
Begin Register Values
---------------------
$at = 0x00000000

$v0 = 0x00000000
$v1 = 0x00000000

$a0 = 0x00000000
$a1 = 0x00000000
$a2 = 0x00000000
$a3 = 0x00000000

$t0 = 0x00000000
$t1 = 0x0000000A
$t2 = 0xFFFFFFF1
$t3 = 0xFFFFFFFB
$t4 = 0x0000001E
$t5 = 0x0000000A
$t6 = 0x00000014
$t7 = 0x0000000F
$t8 = 0x00000019
$t9 = 0x00000028

$s0 = 0x00000000
$s1 = 0xFFFFFFF6
$s2 = 0xFFFFFFEC
$s3 = 0xFFFFFFF6
$s4 = 0x00000000
$s5 = 0x00000000
$s6 = 0x00000000
$s7 = 0x00000000

$k0 = 0x00000000
$k1 = 0x00000000

$gp = 0x00000000
$sp = 0x00000000
$fp = 0x00000000
$ra = 0x00000000
---------------------
End Register Values
---------------------
